// Jest Snapshot v1, https://goo.gl/fbAQLP

exports[`GET /bookstore/v1/book Получении информации о книге 1`] = `
Object {
  "author": "Richard E. Silverman",
  "description": "This pocket guide is the perfect on-the-job companion to Git, the distributed version control system. It provides a compact, readable introduction to Git for new users, as well as a reference to common commands and procedures for those of you with Git exp",
  "isbn": "9781449325862",
  "pages": Any<Number>,
  "publish_date": "2020-06-04T08:48:39.000Z",
  "publisher": "O'Reilly Media",
  "subTitle": "A Working Introduction",
  "title": "Git Pocket Guide",
  "website": "http://chimera.labs.oreilly.com/books/1230000000561/index.html",
}
`;
